2026-01-01 17:05:32 - root - INFO - Logging configured: level=INFO, log_dir=C:\Users\HP\PycharmProjects\scouting-tool\logs
2026-01-01 17:05:38 - ingest.fetch_stats - INFO - No games found for team 1079 in LAST_YEAR
2026-01-01 17:11:34 - root - INFO - Logging configured: level=INFO, log_dir=C:\Users\HP\PycharmProjects\scouting-tool\logs
2026-01-01 17:11:39 - ingest.fetch_stats - INFO - No games found for team 1079 in LAST_YEAR
2026-01-01 17:11:39 - __main__ - INFO -   team_id time_window map_filter records  meta.kind meta.status
0    1079   LAST_YEAR       None      []  team_game    no_games
2026-01-01 17:16:25 - root - INFO - Logging configured: level=INFO, log_dir=C:\Users\HP\PycharmProjects\scouting-tool\logs
2026-01-01 17:16:30 - __main__ - INFO - No games found for team 1079 in LAST_MONTH
2026-01-01 17:16:51 - root - INFO - Logging configured: level=INFO, log_dir=C:\Users\HP\PycharmProjects\scouting-tool\logs
2026-01-01 17:16:56 - __main__ - INFO - No games found for team 1079 in LAST_3_MONTHS
2026-01-01 17:19:00 - root - INFO - Logging configured: level=INFO, log_dir=C:\Users\HP\PycharmProjects\scouting-tool\logs
2026-01-01 17:19:03 - __main__ - INFO - No games found for team 83 in LAST_3_MONTHS
2026-01-01 17:20:49 - root - INFO - Logging configured: level=INFO, log_dir=C:\Users\HP\PycharmProjects\scouting-tool\logs
2026-01-01 17:20:56 - __main__ - ERROR - Failed to ingest game statistics for 757074 (LAST_3_MONTHS): ('GraphQL execution failed', [{'message': 'Unknown team ID', 'path': ['teamGameStatistics'], 'extensions': {'errorType': 'BAD_REQUEST', 'errorDetail': 'INVALID_ARGUMENT'}}])
2026-01-01 17:21:42 - root - INFO - Logging configured: level=INFO, log_dir=C:\Users\HP\PycharmProjects\scouting-tool\logs
2026-01-01 17:21:47 - __main__ - INFO - No games found for team 53625 in LAST_3_MONTHS
2026-01-01 17:43:11 - root - INFO - Logging configured: level=INFO, log_dir=C:\Users\HP\PycharmProjects\scouting-tool\logs
2026-01-01 17:43:18 - __main__ - INFO - No games found for team 83 in LAST_3_MONTHS
2026-01-01 17:44:36 - root - INFO - Logging configured: level=INFO, log_dir=C:\Users\HP\PycharmProjects\scouting-tool\logs
2026-01-01 17:44:41 - __main__ - INFO - No games found for team 83 in LAST_3_MONTHS
2026-01-01 21:39:19 - root - INFO - Logging configured: level=INFO, log_dir=C:\Users\HP\PycharmProjects\scouting-tool\logs
2026-01-01 21:39:25 - __main__ - INFO - No games found for team 1079 in LAST_6_MONTHS
2026-01-01 21:42:25 - root - INFO - Logging configured: level=INFO, log_dir=C:\Users\HP\PycharmProjects\scouting-tool\logs
2026-01-01 21:42:34 - __main__ - INFO - Fetched raw game statistics for team 1079 in LAST_6_MONTHS with map_filter=None and opponent_team_ids=['79', '94'], resuly is:
{'__typename': 'DefaultTeamGameStatistics', 'count': 5, 'money': {'sum': 49350, 'min': 1500, 'max': 25450, 'avg': 9870.0, 'ratePerMinute': {'min': 28.21455, 'max': 589.81859, 'avg': 199.34255}}, 'inventoryValue': {'sum': 74200, 'min': 6300, 'max': 24900, 'avg': 14840.0, 'ratePerMinute': {'min': 122.38817, 'max': 372.2554, 'avg': 276.99909}}, 'netWorth': {'sum': 123550, 'min': 8200, 'max': 39050, 'avg': 24710.0, 'ratePerMinute': {'min': 159.29889, 'max': 905.00652, 'avg': 476.34164}}, 'won': [{'value': False, 'count': 1, 'percentage': 20.0, 'streak': {'min': 1, 'max': 1, 'current': 0}}, {'value': True, 'count': 4, 'percentage': 80.0, 'streak': {'min': 1, 'max': 3, 'current': 3}}], 'kills': {'sum': 374, 'min': 62, 'max': 84, 'avg': 74.8, 'ratePerMinute': {'min': 1.20445, 'max': 1.69181, 'avg': 1.4326}}, 'killAssistsGiven': {'sum': 192, 'min': 20, 'max': 54, 'avg': 38.4, 'ratePerMinute': {'min': 0.38853, 'max': 1.01572, 'avg': 0.74329}}, 'killAssistsReceived': {'sum': 192, 'min': 20, 'max': 54, 'avg': 38.4, 'ratePerMinute': {'min': 0.38853, 'max': 1.01572, 'avg': 0.74329}}, 'teamkills': {'sum': 0, 'min': 0, 'max': 0, 'avg': 0.0, 'ratePerMinute': {'min': 0.0, 'max': 0.0, 'avg': 0.0}}, 'teamkillAssistsGiven': {'sum': 0, 'min': 0, 'max': 0, 'avg': 0.0, 'ratePerMinute': {'min': 0.0, 'max': 0.0, 'avg': 0.0}}, 'teamkillAssistsReceived': {'sum': 0, 'min': 0, 'max': 0, 'avg': 0.0, 'ratePerMinute': {'min': 0.0, 'max': 0.0, 'avg': 0.0}}, 'selfkills': {'sum': 0, 'min': 0, 'max': 0, 'avg': 0.0, 'ratePerMinute': {'min': 0.0, 'max': 0.0, 'avg': 0.0}}, 'deaths': {'sum': 329, 'min': 48, 'max': 77, 'avg': 65.8, 'ratePerMinute': {'min': 1.08603, 'max': 1.49585, 'avg': 1.24664}}, 'structuresDestroyed': {'sum': 0, 'min': 0, 'max': 0, 'avg': 0.0, 'ratePerMinute': {'min': 0.0, 'max': 0.0, 'avg': 0.0}}, 'structuresCaptured': {'sum': 0, 'min': 0, 'max': 0, 'avg': 0.0, 'ratePerMinute': {'min': 0.0, 'max': 0.0, 'avg': 0.0}}, 'score': {'sum': 61, 'min': 9, 'max': 13, 'avg': 12.2, 'ratePerMinute': {'min': 0.17484, 'max': 0.30128, 'avg': 0.23531}}, 'objectives': [{'type': 'beginDefuseBomb', 'completionCount': {'sum': 42, 'min': 4, 'max': 16, 'avg': 8.4, 'ratePerMinute': {'min': 0.07523, 'max': 0.3708, 'avg': 0.16729}}, 'completedFirst': [{'value': False, 'count': 4, 'percentage': 80.0, 'streak': {'min': 4, 'max': 4, 'current': 0}}, {'value': True, 'count': 1, 'percentage': 20.0, 'streak': {'min': 1, 'max': 1, 'current': 1}}]}, {'type': 'captureUltimateOrb', 'completionCount': {'sum': 32, 'min': 4, 'max': 11, 'avg': 6.4, 'ratePerMinute': {'min': 0.07338, 'max': 0.2069, 'avg': 0.12218}}, 'completedFirst': [{'value': False, 'count': 2, 'percentage': 40.0, 'streak': {'min': 1, 'max': 1, 'current': 1}}, {'value': True, 'count': 3, 'percentage': 60.0, 'streak': {'min': 1, 'max': 2, 'current': 0}}]}, {'type': 'defuseBomb', 'completionCount': {'sum': 17, 'min': 2, 'max': 7, 'avg': 3.4, 'ratePerMinute': {'min': 0.02935, 'max': 0.16222, 'avg': 0.0696}}, 'completedFirst': [{'value': False, 'count': 4, 'percentage': 80.0, 'streak': {'min': 4, 'max': 4, 'current': 0}}, {'value': True, 'count': 1, 'percentage': 20.0, 'streak': {'min': 1, 'max': 1, 'current': 1}}]}, {'type': 'explodeBomb', 'completionCount': {'sum': 14, 'min': 1, 'max': 4, 'avg': 2.8, 'ratePerMinute': {'min': 0.02317, 'max': 0.08159, 'avg': 0.05352}}, 'completedFirst': [{'value': False, 'count': 1, 'percentage': 20.0, 'streak': {'min': 1, 'max': 1, 'current': 1}}, {'value': True, 'count': 4, 'percentage': 80.0, 'streak': {'min': 4, 'max': 4, 'current': 0}}]}, {'type': 'plantBomb', 'completionCount': {'sum': 43, 'min': 6, 'max': 10, 'avg': 8.6, 'ratePerMinute': {'min': 0.1174, 'max': 0.20397, 'avg': 0.16467}}, 'completedFirst': [{'value': False, 'count': 1, 'percentage': 20.0, 'streak': {'min': 1, 'max': 1, 'current': 1}}, {'value': True, 'count': 4, 'percentage': 80.0, 'streak': {'min': 4, 'max': 4, 'current': 0}}]}, {'type': 'reachDefuseBombCheckpoint', 'completionCount': {'sum': 19, 'min': 3, 'max': 7, 'avg': 3.8, 'ratePerMinute': {'min': 0.04402, 'max': 0.16222, 'avg': 0.07642}}, 'completedFirst': [{'value': False, 'count': 4, 'percentage': 80.0, 'streak': {'min': 4, 'max': 4, 'current': 0}}, {'value': True, 'count': 1, 'percentage': 20.0, 'streak': {'min': 1, 'max': 1, 'current': 1}}]}, {'type': 'stopDefuseBomb', 'completionCount': {'sum': 42, 'min': 4, 'max': 16, 'avg': 8.4, 'ratePerMinute': {'min': 0.07523, 'max': 0.3708, 'avg': 0.16729}}, 'completedFirst': [{'value': False, 'count': 4, 'percentage': 80.0, 'streak': {'min': 4, 'max': 4, 'current': 0}}, {'value': True, 'count': 1, 'percentage': 20.0, 'streak': {'min': 1, 'max': 1, 'current': 1}}]}], 'firstKill': [{'value': False, 'count': 3, 'percentage': 60.0, 'streak': {'min': 3, 'max': 3, 'current': 0}}, {'value': True, 'count': 2, 'percentage': 40.0, 'streak': {'min': 2, 'max': 2, 'current': 2}}], 'unitKills': [], 'players': {'characters': [{'count': 3, 'percentage': 60.0, 'character': {'id': 'fade', 'name': 'fade'}}, {'count': 1, 'percentage': 20.0, 'character': {'id': 'jett', 'name': 'jett'}}, {'count': 2, 'percentage': 40.0, 'character': {'id': 'killjoy', 'name': 'killjoy'}}, {'count': 2, 'percentage': 40.0, 'character': {'id': 'neon', 'name': 'neon'}}, {'count': 4, 'percentage': 80.0, 'character': {'id': 'omen', 'name': 'omen'}}, {'count': 2, 'percentage': 40.0, 'character': {'id': 'raze', 'name': 'raze'}}, {'count': 1, 'percentage': 20.0, 'character': {'id': 'sage', 'name': 'sage'}}, {'count': 2, 'percentage': 40.0, 'character': {'id': 'sova', 'name': 'sova'}}, {'count': 5, 'percentage': 100.0, 'character': {'id': 'viper', 'name': 'viper'}}, {'count': 3, 'percentage': 60.0, 'character': {'id': 'vyse', 'name': 'vyse'}}]}, 'duration': {'sum': 'PT4H24M57.1068S', 'min': 'PT43M8.9316S', 'max': 'PT1H8M8.2698S', 'avg': 'PT52M59.42136S'}}
2026-01-01 21:42:34 - __main__ - INFO - No games found for team 1079 in LAST_6_MONTHS
2026-01-01 21:46:53 - root - INFO - Logging configured: level=INFO, log_dir=C:\Users\HP\PycharmProjects\scouting-tool\logs
2026-01-01 21:47:02 - __main__ - INFO - Fetched raw game statistics for team 1079 in LAST_6_MONTHS with map_filter=None and opponent_team_ids=['79', '94'], resuly is:
{'__typename': 'DefaultTeamGameStatistics', 'count': 5, 'money': {'sum': 49350, 'min': 1500, 'max': 25450, 'avg': 9870.0, 'ratePerMinute': {'min': 28.21455, 'max': 589.81859, 'avg': 199.34255}}, 'inventoryValue': {'sum': 74200, 'min': 6300, 'max': 24900, 'avg': 14840.0, 'ratePerMinute': {'min': 122.38817, 'max': 372.2554, 'avg': 276.99909}}, 'netWorth': {'sum': 123550, 'min': 8200, 'max': 39050, 'avg': 24710.0, 'ratePerMinute': {'min': 159.29889, 'max': 905.00652, 'avg': 476.34164}}, 'won': [{'value': False, 'count': 1, 'percentage': 20.0, 'streak': {'min': 1, 'max': 1, 'current': 0}}, {'value': True, 'count': 4, 'percentage': 80.0, 'streak': {'min': 1, 'max': 3, 'current': 3}}], 'kills': {'sum': 374, 'min': 62, 'max': 84, 'avg': 74.8, 'ratePerMinute': {'min': 1.20445, 'max': 1.69181, 'avg': 1.4326}}, 'killAssistsGiven': {'sum': 192, 'min': 20, 'max': 54, 'avg': 38.4, 'ratePerMinute': {'min': 0.38853, 'max': 1.01572, 'avg': 0.74329}}, 'killAssistsReceived': {'sum': 192, 'min': 20, 'max': 54, 'avg': 38.4, 'ratePerMinute': {'min': 0.38853, 'max': 1.01572, 'avg': 0.74329}}, 'teamkills': {'sum': 0, 'min': 0, 'max': 0, 'avg': 0.0, 'ratePerMinute': {'min': 0.0, 'max': 0.0, 'avg': 0.0}}, 'teamkillAssistsGiven': {'sum': 0, 'min': 0, 'max': 0, 'avg': 0.0, 'ratePerMinute': {'min': 0.0, 'max': 0.0, 'avg': 0.0}}, 'teamkillAssistsReceived': {'sum': 0, 'min': 0, 'max': 0, 'avg': 0.0, 'ratePerMinute': {'min': 0.0, 'max': 0.0, 'avg': 0.0}}, 'selfkills': {'sum': 0, 'min': 0, 'max': 0, 'avg': 0.0, 'ratePerMinute': {'min': 0.0, 'max': 0.0, 'avg': 0.0}}, 'deaths': {'sum': 329, 'min': 48, 'max': 77, 'avg': 65.8, 'ratePerMinute': {'min': 1.08603, 'max': 1.49585, 'avg': 1.24664}}, 'structuresDestroyed': {'sum': 0, 'min': 0, 'max': 0, 'avg': 0.0, 'ratePerMinute': {'min': 0.0, 'max': 0.0, 'avg': 0.0}}, 'structuresCaptured': {'sum': 0, 'min': 0, 'max': 0, 'avg': 0.0, 'ratePerMinute': {'min': 0.0, 'max': 0.0, 'avg': 0.0}}, 'score': {'sum': 61, 'min': 9, 'max': 13, 'avg': 12.2, 'ratePerMinute': {'min': 0.17484, 'max': 0.30128, 'avg': 0.23531}}, 'objectives': [{'type': 'beginDefuseBomb', 'completionCount': {'sum': 42, 'min': 4, 'max': 16, 'avg': 8.4, 'ratePerMinute': {'min': 0.07523, 'max': 0.3708, 'avg': 0.16729}}, 'completedFirst': [{'value': False, 'count': 4, 'percentage': 80.0, 'streak': {'min': 4, 'max': 4, 'current': 0}}, {'value': True, 'count': 1, 'percentage': 20.0, 'streak': {'min': 1, 'max': 1, 'current': 1}}]}, {'type': 'captureUltimateOrb', 'completionCount': {'sum': 32, 'min': 4, 'max': 11, 'avg': 6.4, 'ratePerMinute': {'min': 0.07338, 'max': 0.2069, 'avg': 0.12218}}, 'completedFirst': [{'value': False, 'count': 2, 'percentage': 40.0, 'streak': {'min': 1, 'max': 1, 'current': 1}}, {'value': True, 'count': 3, 'percentage': 60.0, 'streak': {'min': 1, 'max': 2, 'current': 0}}]}, {'type': 'defuseBomb', 'completionCount': {'sum': 17, 'min': 2, 'max': 7, 'avg': 3.4, 'ratePerMinute': {'min': 0.02935, 'max': 0.16222, 'avg': 0.0696}}, 'completedFirst': [{'value': False, 'count': 4, 'percentage': 80.0, 'streak': {'min': 4, 'max': 4, 'current': 0}}, {'value': True, 'count': 1, 'percentage': 20.0, 'streak': {'min': 1, 'max': 1, 'current': 1}}]}, {'type': 'explodeBomb', 'completionCount': {'sum': 14, 'min': 1, 'max': 4, 'avg': 2.8, 'ratePerMinute': {'min': 0.02317, 'max': 0.08159, 'avg': 0.05352}}, 'completedFirst': [{'value': False, 'count': 1, 'percentage': 20.0, 'streak': {'min': 1, 'max': 1, 'current': 1}}, {'value': True, 'count': 4, 'percentage': 80.0, 'streak': {'min': 4, 'max': 4, 'current': 0}}]}, {'type': 'plantBomb', 'completionCount': {'sum': 43, 'min': 6, 'max': 10, 'avg': 8.6, 'ratePerMinute': {'min': 0.1174, 'max': 0.20397, 'avg': 0.16467}}, 'completedFirst': [{'value': False, 'count': 1, 'percentage': 20.0, 'streak': {'min': 1, 'max': 1, 'current': 1}}, {'value': True, 'count': 4, 'percentage': 80.0, 'streak': {'min': 4, 'max': 4, 'current': 0}}]}, {'type': 'reachDefuseBombCheckpoint', 'completionCount': {'sum': 19, 'min': 3, 'max': 7, 'avg': 3.8, 'ratePerMinute': {'min': 0.04402, 'max': 0.16222, 'avg': 0.07642}}, 'completedFirst': [{'value': False, 'count': 4, 'percentage': 80.0, 'streak': {'min': 4, 'max': 4, 'current': 0}}, {'value': True, 'count': 1, 'percentage': 20.0, 'streak': {'min': 1, 'max': 1, 'current': 1}}]}, {'type': 'stopDefuseBomb', 'completionCount': {'sum': 42, 'min': 4, 'max': 16, 'avg': 8.4, 'ratePerMinute': {'min': 0.07523, 'max': 0.3708, 'avg': 0.16729}}, 'completedFirst': [{'value': False, 'count': 4, 'percentage': 80.0, 'streak': {'min': 4, 'max': 4, 'current': 0}}, {'value': True, 'count': 1, 'percentage': 20.0, 'streak': {'min': 1, 'max': 1, 'current': 1}}]}], 'firstKill': [{'value': False, 'count': 3, 'percentage': 60.0, 'streak': {'min': 3, 'max': 3, 'current': 0}}, {'value': True, 'count': 2, 'percentage': 40.0, 'streak': {'min': 2, 'max': 2, 'current': 2}}], 'unitKills': [], 'players': {'characters': [{'count': 3, 'percentage': 60.0, 'character': {'id': 'fade', 'name': 'fade'}}, {'count': 1, 'percentage': 20.0, 'character': {'id': 'jett', 'name': 'jett'}}, {'count': 2, 'percentage': 40.0, 'character': {'id': 'killjoy', 'name': 'killjoy'}}, {'count': 2, 'percentage': 40.0, 'character': {'id': 'neon', 'name': 'neon'}}, {'count': 4, 'percentage': 80.0, 'character': {'id': 'omen', 'name': 'omen'}}, {'count': 2, 'percentage': 40.0, 'character': {'id': 'raze', 'name': 'raze'}}, {'count': 1, 'percentage': 20.0, 'character': {'id': 'sage', 'name': 'sage'}}, {'count': 2, 'percentage': 40.0, 'character': {'id': 'sova', 'name': 'sova'}}, {'count': 5, 'percentage': 100.0, 'character': {'id': 'viper', 'name': 'viper'}}, {'count': 3, 'percentage': 60.0, 'character': {'id': 'vyse', 'name': 'vyse'}}]}, 'duration': {'sum': 'PT4H24M57.1068S', 'min': 'PT43M8.9316S', 'max': 'PT1H8M8.2698S', 'avg': 'PT52M59.42136S'}}
2026-01-01 21:47:02 - __main__ - INFO - Successfully ingested game statistics for 1079 (LAST_6_MONTHS): 5 games, 80.0% win rate
2026-01-01 21:49:38 - root - INFO - Logging configured: level=INFO, log_dir=C:\Users\HP\PycharmProjects\scouting-tool\logs
2026-01-01 21:49:47 - ingest.fetch_stats - INFO - Successfully ingested game statistics for 1079 (LAST_YEAR): 50 games, 56.0% win rate
2026-01-01 21:49:47 - __main__ - INFO -   team_id time_window  ... meta.game_count meta.unique_agents_played
0    1079   LAST_YEAR  ...              50                        21

[1 rows x 8 columns]
2026-01-01 22:39:06 - root - INFO - Logging configured: level=INFO, log_dir=C:\Users\HP\PycharmProjects\scouting-tool\logs
2026-01-01 22:39:10 - ingest.fetch_stats - INFO - Successfully ingested game statistics for 1079 (LAST_YEAR): 50 games, 56.0% win rate
2026-01-01 22:45:08 - root - INFO - Logging configured: level=INFO, log_dir=C:\Users\HP\PycharmProjects\scouting-tool\logs
2026-01-01 22:45:11 - ingest.fetch_stats - INFO - Successfully ingested game statistics for 1079 (LAST_YEAR): 50 games, 56.0% win rate
2026-01-01 22:45:43 - root - INFO - Logging configured: level=INFO, log_dir=C:\Users\HP\PycharmProjects\scouting-tool\logs
2026-01-01 22:45:50 - ingest.fetch_stats - INFO - Successfully ingested game statistics for 1079 (LAST_YEAR): 50 games, 56.0% win rate
2026-01-01 22:46:21 - root - INFO - Logging configured: level=INFO, log_dir=C:\Users\HP\PycharmProjects\scouting-tool\logs
2026-01-01 22:46:25 - ingest.fetch_stats - INFO - Successfully ingested game statistics for 1079 (LAST_YEAR): 50 games, 56.0% win rate
2026-01-01 22:46:51 - root - INFO - Logging configured: level=INFO, log_dir=C:\Users\HP\PycharmProjects\scouting-tool\logs
2026-01-01 22:46:56 - ingest.fetch_stats - INFO - Successfully ingested game statistics for 1079 (LAST_YEAR): 50 games, 56.0% win rate
2026-01-01 22:47:45 - root - INFO - Logging configured: level=INFO, log_dir=C:\Users\HP\PycharmProjects\scouting-tool\logs
2026-01-01 22:47:56 - ingest.fetch_stats - ERROR - Failed to ingest game statistics for 1079 (LAST_YEAR): HTTPSConnectionPool(host='api-op.grid.gg', port=443): Max retries exceeded with url: /statistics-feed/graphql (Caused by NameResolutionError("HTTPSConnection(host='api-op.grid.gg', port=443): Failed to resolve 'api-op.grid.gg' ([Errno 11001] getaddrinfo failed)"))
2026-01-01 22:48:46 - root - INFO - Logging configured: level=INFO, log_dir=C:\Users\HP\PycharmProjects\scouting-tool\logs
2026-01-01 22:48:51 - ingest.fetch_stats - INFO - Successfully ingested game statistics for 1079 (LAST_YEAR): 50 games, 56.0% win rate
2026-01-01 22:49:48 - root - INFO - Logging configured: level=INFO, log_dir=C:\Users\HP\PycharmProjects\scouting-tool\logs
2026-01-01 22:49:51 - ingest.fetch_stats - INFO - Successfully ingested game statistics for 1079 (LAST_YEAR): 50 games, 56.0% win rate
2026-01-01 22:52:30 - root - INFO - Logging configured: level=INFO, log_dir=C:\Users\HP\PycharmProjects\scouting-tool\logs
2026-01-01 22:52:33 - ingest.fetch_stats - INFO - Successfully ingested game statistics for 1079 (LAST_YEAR): 50 games, 56.0% win rate
2026-01-01 22:53:15 - root - INFO - Logging configured: level=INFO, log_dir=C:\Users\HP\PycharmProjects\scouting-tool\logs
2026-01-01 22:53:21 - ingest.fetch_stats - INFO - Successfully ingested game statistics for 1079 (LAST_YEAR): 50 games, 56.0% win rate
2026-01-02 03:17:01 - root - INFO - Logging configured: level=INFO, log_dir=C:\Users\HP\PycharmProjects\scouting-tool\logs
2026-01-02 03:17:26 - root - INFO - Logging configured: level=INFO, log_dir=C:\Users\HP\PycharmProjects\scouting-tool\logs
2026-01-02 03:31:12 - root - INFO - Logging configured: level=INFO, log_dir=C:\Users\HP\PycharmProjects\scouting-tool\logs
2026-01-02 03:33:41 - root - INFO - Logging configured: level=INFO, log_dir=C:\Users\HP\PycharmProjects\scouting-tool\logs
2026-01-02 03:34:38 - root - INFO - Logging configured: level=INFO, log_dir=C:\Users\HP\PycharmProjects\scouting-tool\logs
2026-01-05 16:34:28 - root - INFO - Logging configured: level=INFO, log_dir=C:\Users\HP\PycharmProjects\scouting-tool\logs
2026-01-05 16:34:37 - ingestion.fetch_stats - WARNING - No statistics found for team 1079 in LAST_3_MONTHS
2026-01-05 16:34:40 - ingestion.fetch_stats - INFO - No games found for team 1079 in LAST_3_MONTHS
2026-01-05 16:51:14 - root - INFO - Logging configured: level=INFO, log_dir=C:\Users\HP\PycharmProjects\scouting-tool\logs
2026-01-05 16:51:24 - ingestion.fetch_stats - INFO - Successfully ingested team statistics for 1079 (LAST_6_MONTHS): 33 games, 57.6% win rate
2026-01-05 16:51:29 - ingestion.fetch_stats - INFO - Successfully ingested game statistics for 1079 (LAST_6_MONTHS): 5 games, 80.0% win rate
2026-01-05 16:51:32 - ingestion.fetch_teams - INFO - Team lookup: id='79' name='Cloud9' name_shortened='C9' logo_url='https://cdn.grid.gg/assets/team-logos/62118a302ef0900c7e7cc7b52eb2ca49' color_primary='#0072c3' data_provider='VALORANT' organization_id='1' organization_name='Cloud9'
2026-01-05 16:51:37 - ingestion.fetch_stats - INFO - Ingested player statistics for 2512 (LAST_3_MONTHS)
2026-01-05 16:51:40 - ingestion.fetch_series - INFO - Ingested 1 series for team 1079
2026-01-05 16:51:42 - ingestion.fetch_match_details - WARNING - No series state found for series_id: 2629392
