2026-01-05 16:34:37 - ingestion.fetch_stats - WARNING - No statistics found for team 1079 in LAST_3_MONTHS
2026-01-05 16:34:40 - ingestion.fetch_stats - INFO - No games found for team 1079 in LAST_3_MONTHS
2026-01-05 16:51:24 - ingestion.fetch_stats - INFO - Successfully ingested team statistics for 1079 (LAST_6_MONTHS): 33 games, 57.6% win rate
2026-01-05 16:51:29 - ingestion.fetch_stats - INFO - Successfully ingested game statistics for 1079 (LAST_6_MONTHS): 5 games, 80.0% win rate
2026-01-05 16:51:37 - ingestion.fetch_stats - INFO - Ingested player statistics for 2512 (LAST_3_MONTHS)
2026-01-05 18:16:40 - ingestion.fetch_stats - WARNING - No statistics found for team 1079 in LAST_3_MONTHS
2026-01-05 18:22:27 - ingestion.fetch_stats - INFO - Successfully ingested team statistics for 1079 (LAST_6_MONTHS): 33 games, 57.6% win rate
2026-01-05 18:22:30 - ingestion.fetch_stats - INFO - Successfully ingested game statistics for 1079 (LAST_6_MONTHS): 5 games, 80.0% win rate
2026-01-05 18:22:38 - ingestion.fetch_stats - INFO - Ingested player statistics for 2512 (LAST_3_MONTHS)
2026-01-05 18:23:07 - ingestion.fetch_stats - INFO - Successfully ingested team statistics for 1079 (LAST_6_MONTHS): 33 games, 57.6% win rate
2026-01-05 18:23:10 - ingestion.fetch_stats - INFO - No games found for team 1079 in LAST_3_MONTHS
2026-01-05 18:23:16 - ingestion.fetch_stats - INFO - Ingested player statistics for 2512 (LAST_3_MONTHS)
2026-01-05 18:23:29 - ingestion.fetch_stats - WARNING - No statistics found for team 1079 in LAST_3_MONTHS
2026-01-05 18:23:32 - ingestion.fetch_stats - INFO - No games found for team 1079 in LAST_3_MONTHS
2026-01-05 18:23:41 - ingestion.fetch_stats - WARNING - No statistics found for team 1079 in LAST_3_MONTHS
2026-01-05 18:23:44 - ingestion.fetch_stats - INFO - No games found for team 1079 in LAST_3_MONTHS
2026-01-05 18:23:49 - ingestion.fetch_stats - INFO - Ingested player statistics for 2512 (LAST_3_MONTHS)
2026-01-05 23:19:06 - ingestion.fetch_stats - INFO - Successfully ingested team statistics for 1079 (LAST_6_MONTHS): 33 games, 57.6% win rate
2026-01-05 23:19:18 - ingestion.fetch_stats - INFO - Successfully ingested game statistics for 1079 (LAST_6_MONTHS): 33 games, 57.6% win rate
2026-01-05 23:19:24 - ingestion.fetch_stats - INFO - Ingested player statistics for 2512 (LAST_6_MONTHS)
2026-01-05 23:19:40 - ingestion.fetch_stats - WARNING - No statistics found for team 1079 in LAST_3_MONTHS
2026-01-05 23:19:42 - ingestion.fetch_stats - INFO - No games found for team 1079 in LAST_3_MONTHS
2026-01-05 23:19:51 - ingestion.fetch_stats - WARNING - No statistics found for team 1079 in LAST_3_MONTHS
2026-01-05 23:19:58 - ingestion.fetch_stats - INFO - No games found for team 1079 in LAST_3_MONTHS
2026-01-05 23:20:04 - ingestion.fetch_stats - INFO - Ingested player statistics for 2512 (LAST_3_MONTHS)
2026-01-06 00:08:34 - ingestion.fetch_stats - INFO - Successfully ingested team statistics for 1079 (LAST_6_MONTHS): 33 games, 57.6% win rate
2026-01-06 00:08:38 - ingestion.fetch_stats - INFO - Successfully ingested game statistics for 1079 (LAST_6_MONTHS): 33 games, 57.6% win rate
2026-01-06 00:08:44 - ingestion.fetch_stats - INFO - Ingested player statistics for 2512 (LAST_6_MONTHS)
2026-01-06 00:08:57 - ingestion.fetch_stats - WARNING - No statistics found for team 1079 in LAST_3_MONTHS
2026-01-06 00:09:00 - ingestion.fetch_stats - INFO - No games found for team 1079 in LAST_3_MONTHS
2026-01-06 00:09:08 - ingestion.fetch_stats - WARNING - No statistics found for team 1079 in LAST_3_MONTHS
2026-01-06 00:09:11 - ingestion.fetch_stats - INFO - No games found for team 1079 in LAST_3_MONTHS
2026-01-06 00:09:16 - ingestion.fetch_stats - INFO - Ingested player statistics for 2512 (LAST_3_MONTHS)
2026-01-06 10:33:31 - ingestion.fetch_stats - INFO - Successfully ingested team statistics for 1079 (LAST_6_MONTHS): 33 games, 57.6% win rate
2026-01-06 10:33:42 - ingestion.fetch_stats - INFO - Successfully ingested game statistics for 1079 (LAST_6_MONTHS): 33 games, 57.6% win rate
2026-01-06 10:33:53 - ingestion.fetch_stats - INFO - Ingested player statistics for 2512 (LAST_6_MONTHS)
2026-01-06 10:34:09 - ingestion.fetch_stats - WARNING - No statistics found for team 1079 in LAST_3_MONTHS
2026-01-06 10:34:11 - ingestion.fetch_stats - INFO - No games found for team 1079 in LAST_3_MONTHS
2026-01-06 10:34:19 - ingestion.fetch_stats - WARNING - No statistics found for team 1079 in LAST_3_MONTHS
2026-01-06 10:34:22 - ingestion.fetch_stats - INFO - No games found for team 1079 in LAST_3_MONTHS
2026-01-06 10:34:28 - ingestion.fetch_stats - INFO - Ingested player statistics for 2512 (LAST_3_MONTHS)
2026-01-06 10:39:49 - ingestion.fetch_stats - INFO - Successfully ingested game statistics for 1079 (LAST_6_MONTHS): 33 games, 57.6% win rate
2026-01-06 15:25:36 - ingestion.fetch_stats - INFO - Successfully ingested game statistics for 1079 (LAST_6_MONTHS): 33 games, 57.6% win rate
2026-01-06 15:26:35 - ingestion.fetch_stats - INFO - Successfully ingested game statistics for 1079 (LAST_6_MONTHS): 33 games, 57.6% win rate
