2026-01-05 18:23:32 - transforms.weakness_detection - WARNING - No team game stats for early aggression detection
2026-01-05 18:23:32 - transforms.weakness_detection - WARNING - No team game stats for economy pattern detection
2026-01-05 18:23:32 - transforms.weakness_detection - WARNING - No team game stats for objective weakness detection
2026-01-05 18:23:32 - transforms.weakness_detection - WARNING - No team stats for side weakness detection
2026-01-05 18:23:32 - transforms.weakness_detection - WARNING - No team stats for consistency detection
2026-01-05 18:23:55 - transforms.weakness_detection - WARNING - No team game stats for early aggression detection
2026-01-05 18:23:55 - transforms.weakness_detection - WARNING - No team game stats for economy pattern detection
2026-01-05 18:23:55 - transforms.weakness_detection - WARNING - No team game stats for objective weakness detection
2026-01-05 18:23:55 - transforms.weakness_detection - WARNING - No team stats for side weakness detection
2026-01-05 18:23:55 - transforms.weakness_detection - WARNING - No team stats for consistency detection
2026-01-05 23:19:42 - transforms.weakness_detection - WARNING - No team game stats for early aggression detection
2026-01-05 23:19:42 - transforms.weakness_detection - WARNING - No team game stats for economy pattern detection
2026-01-05 23:19:42 - transforms.weakness_detection - WARNING - No team game stats for objective weakness detection
2026-01-05 23:19:42 - transforms.weakness_detection - WARNING - No team stats for side weakness detection
2026-01-05 23:19:43 - transforms.weakness_detection - WARNING - No team stats for consistency detection
2026-01-05 23:20:10 - transforms.weakness_detection - WARNING - No team game stats for early aggression detection
2026-01-05 23:20:10 - transforms.weakness_detection - WARNING - No team game stats for economy pattern detection
2026-01-05 23:20:10 - transforms.weakness_detection - WARNING - No team game stats for objective weakness detection
2026-01-05 23:20:10 - transforms.weakness_detection - WARNING - No team stats for side weakness detection
2026-01-05 23:20:10 - transforms.weakness_detection - WARNING - No team stats for consistency detection
2026-01-06 00:09:00 - transforms.weakness_detection - WARNING - No team game stats for early aggression detection
2026-01-06 00:09:00 - transforms.weakness_detection - WARNING - No team game stats for economy pattern detection
2026-01-06 00:09:00 - transforms.weakness_detection - WARNING - No team game stats for objective weakness detection
2026-01-06 00:09:00 - transforms.weakness_detection - WARNING - No team stats for side weakness detection
2026-01-06 00:09:00 - transforms.weakness_detection - WARNING - No team stats for consistency detection
2026-01-06 00:09:21 - transforms.weakness_detection - WARNING - No team game stats for early aggression detection
2026-01-06 00:09:21 - transforms.weakness_detection - WARNING - No team game stats for economy pattern detection
2026-01-06 00:09:21 - transforms.weakness_detection - WARNING - No team game stats for objective weakness detection
2026-01-06 00:09:21 - transforms.weakness_detection - WARNING - No team stats for side weakness detection
2026-01-06 00:09:21 - transforms.weakness_detection - WARNING - No team stats for consistency detection
2026-01-06 10:34:11 - transforms.weakness_detection - WARNING - No team game stats for early aggression detection
2026-01-06 10:34:11 - transforms.weakness_detection - WARNING - No team game stats for economy pattern detection
2026-01-06 10:34:11 - transforms.weakness_detection - WARNING - No team game stats for objective weakness detection
2026-01-06 10:34:11 - transforms.weakness_detection - WARNING - No team stats for side weakness detection
2026-01-06 10:34:11 - transforms.weakness_detection - WARNING - No team stats for consistency detection
2026-01-06 10:34:34 - transforms.weakness_detection - WARNING - No team game stats for early aggression detection
2026-01-06 10:34:34 - transforms.weakness_detection - WARNING - No team game stats for economy pattern detection
2026-01-06 10:34:34 - transforms.weakness_detection - WARNING - No team game stats for objective weakness detection
2026-01-06 10:34:34 - transforms.weakness_detection - WARNING - No team stats for side weakness detection
2026-01-06 10:34:34 - transforms.weakness_detection - WARNING - No team stats for consistency detection
